Page 1           Source Listing                  
2021-06-01 08:51                                 /tmp/ifortAbhv99.i90

      1 # 1 "mpp_parameter.F90"
      2 !***********************************************************************
      3 !*                   GNU Lesser General Public License
      4 !*
      5 !* This file is part of the GFDL Flexible Modeling System (FMS).
      6 !*
      7 !* FMS is free software: you can redistribute it and/or modify it under
      8 !* the terms of the GNU Lesser General Public License as published by
      9 !* the Free Software Foundation, either version 3 of the License, or (at
     10 !* your option) any later version.
     11 !*
     12 !* FMS is distributed in the hope that it will be useful, but WITHOUT
     13 !* ANY WARRANTY; without even the implied warranty of MERCHANTABILITY or
     14 !* FITNESS FOR A PARTICULAR PURPOSE.  See the GNU General Public License
     15 !* for more details.
     16 !*
     17 !* You should have received a copy of the GNU Lesser General Public
     18 !* License along with FMS.  If not, see <http://www.gnu.org/licenses/>.
     19 !***********************************************************************
     20 module mpp_parameter_mod
     21   use platform_mod
     22 
     23   implicit none
     24   private
     25 
     26 ! Include variable "version" to be written to log file.
     27 # 1 "../include/file_version.h" 1 
     28 ! -*-f90-*-
     29 !***********************************************************************
     30 !*                   GNU Lesser General Public License
     31 !*
     32 !* This file is part of the GFDL Flexible Modeling System (FMS).
     33 !*
     34 !* FMS is free software: you can redistribute it and/or modify it under
     35 !* the terms of the GNU Lesser General Public License as published by
     36 !* the Free Software Foundation, either version 3 of the License, or (at
     37 !* your option) any later version.
     38 !*
     39 !* FMS is distributed in the hope that it will be useful, but WITHOUT
     40 !* ANY WARRANTY; without even the implied warranty of MERCHANTABILITY or
     41 !* FITNESS FOR A PARTICULAR PURPOSE.  See the GNU General Public License
     42 !* for more details.
     43 !*
     44 !* You should have received a copy of the GNU Lesser General Public
     45 !* License along with FMS.  If not, see <http://www.gnu.org/licenses/>.
     46 !***********************************************************************
     47 
     48 # 23
     49 
     50   character(len=*), parameter :: version = 'unknown'
     51 
     52 # 27 "mpp_parameter.F90" 2 
     53   public version
     54 
     55 !--- public paramters which is used by mpp_mod and its components.
     56 !--- All othere modules should import these parameters from mpp_mod.
     57   public :: MAXPES, MPP_VERBOSE, MPP_DEBUG, ALL_PES, ANY_PE, NULL_PE, NOTE, WARNING, FATAL

Page 2           Source Listing                  
2021-06-01 08:51                                 mpp_parameter.F90

     58   public :: MPP_WAIT, MPP_READY, MAX_CLOCKS, MAX_EVENT_TYPES, MAX_EVENTS, MPP_CLOCK_SYNC
     59   public :: MPP_CLOCK_DETAILED, CLOCK_COMPONENT, CLOCK_SUBCOMPONENT, CLOCK_MODULE_DRIVER
     60   public :: CLOCK_MODULE, CLOCK_ROUTINE, CLOCK_LOOP, CLOCK_INFRA, MAX_BINS
     61   public :: EVENT_ALLREDUCE, EVENT_BROADCAST, EVENT_RECV, EVENT_SEND, EVENT_WAIT
     62   public :: EVENT_ALLTOALL, EVENT_TYPE_CREATE, EVENT_TYPE_FREE
     63   public :: DEFAULT_TAG
     64   public :: COMM_TAG_1,  COMM_TAG_2,  COMM_TAG_3,  COMM_TAG_4
     65   public :: COMM_TAG_5,  COMM_TAG_6,  COMM_TAG_7,  COMM_TAG_8
     66   public :: COMM_TAG_9,  COMM_TAG_10, COMM_TAG_11, COMM_TAG_12
     67   public :: COMM_TAG_13, COMM_TAG_14, COMM_TAG_15, COMM_TAG_16
     68   public :: COMM_TAG_17, COMM_TAG_18, COMM_TAG_19, COMM_TAG_20
     69   public :: MPP_FILL_INT, MPP_FILL_FLOAT, MPP_FILL_DOUBLE
     70 
     71 !--- public paramters which is used by mpp_domains_mod and its components.
     72 !--- All othere modules should import these parameters from mpp_domains_mod.
     73   public :: GLOBAL_DATA_DOMAIN, CYCLIC_GLOBAL_DOMAIN, BGRID_NE, BGRID_SW, CGRID_NE, CGRID_SW
     74   public :: DGRID_NE, DGRID_SW, FOLD_WEST_EDGE, FOLD_EAST_EDGE, FOLD_SOUTH_EDGE, FOLD_NORTH_EDGE
     75   public :: WUPDATE, EUPDATE, SUPDATE, NUPDATE, XUPDATE, YUPDATE, BITWISE_EXACT_SUM, NON_BITWISE_EXACT_SUM
     76   public :: MPP_DOMAIN_TIME, WEST, EAST, SOUTH, NORTH, SCALAR_BIT, SCALAR_PAIR, BITWISE_EFP_SUM
     77   public :: NORTH_EAST, SOUTH_EAST, SOUTH_WEST, NORTH_WEST
     78   public :: AGRID, GLOBAL, CYCLIC, DOMAIN_ID_BASE, CENTER, CORNER
     79   public :: MAX_DOMAIN_FIELDS, MAX_TILES
     80   public :: ZERO, NINETY, MINUS_NINETY, ONE_HUNDRED_EIGHTY
     81   public :: NONBLOCK_UPDATE_TAG, EDGEUPDATE, EDGEONLY, NONSYMEDGEUPDATE, NONSYMEDGE
     82 
     83 !--- public paramters which is used by mpp_domains_mod and its components.
     84 !--- All othere modules should import these parameters from mpp_io_mod.
     85   public :: MPP_WRONLY, MPP_RDONLY, MPP_APPEND, MPP_OVERWR, MPP_ASCII, MPP_IEEE32
     86   public :: MPP_NATIVE, MPP_NETCDF, MPP_SEQUENTIAL, MPP_DIRECT, MPP_SINGLE, MPP_MULTI
     87   public :: MPP_DELETE, MPP_COLLECT, NULLUNIT, NULLTIME
     88   public :: MAX_FILE_SIZE, ROOT_GLOBAL, GLOBAL_ROOT_ONLY
     89 
     90 !--- The following paramters are used by mpp_mod and its components.
     91   integer, parameter :: MAXPES=2048            !used for dimensioning stuff that might be indexed by pe
     92   integer, parameter :: MPP_VERBOSE=1, MPP_DEBUG=2
     93   integer, parameter :: ALL_PES=-1, ANY_PE=-2, NULL_PE=-3
     94   integer, parameter :: NOTE=0, WARNING=1, FATAL=2
     95   integer, parameter :: MAX_CLOCKS=400, MAX_EVENT_TYPES=5, MAX_EVENTS=40000
     96   integer, parameter :: EVENT_ALLREDUCE=1, EVENT_BROADCAST=2, EVENT_RECV=3, EVENT_SEND=4, EVENT_WAIT=5
     97   integer, parameter :: EVENT_ALLTOALL=6
     98   integer, parameter :: EVENT_TYPE_CREATE=7, EVENT_TYPE_FREE=8
     99   integer, parameter :: MPP_CLOCK_SYNC=1, MPP_CLOCK_DETAILED=2
    100   integer            :: DEFAULT_TAG = 1
    101 !--- implimented to centralize _FILL_ values for land_model.F90 into mpp_mod
    102 !------- instead of multiple includes of netcdf.inc and manual assignments
    103   integer(i4_kind) , parameter :: MPP_FILL_INT    = -2147483647            !NF_FILL_INT
    104   real(r8_kind) , parameter :: MPP_FILL_DOUBLE = 9.9692099683868690e+36 !NF_FILL_DOUBLE
    105   real(r4_kind)  , parameter :: MPP_FILL_FLOAT  = 9.9692099683868690e+36 !NF_FILL_DOUBLE
    106 !--- predefined clock granularities, but you can use any integer
    107 !--- using CLOCK_LOOP and above may distort coarser-grain measurements
    108   integer, parameter :: CLOCK_COMPONENT=1      !component level, e.g model, exchange
    109   integer, parameter :: CLOCK_SUBCOMPONENT=11  !top level within a model component, e.g dynamics, physics
    110   integer, parameter :: CLOCK_MODULE_DRIVER=21 !module driver level, e.g adriver that calls multiple
    111 !related physics routines
    112   integer, parameter :: CLOCK_MODULE=31        !module level, e.g main subroutine of a physics module
    113   integer, parameter :: CLOCK_ROUTINE=41       !level of individual subroutine or function
    114   integer, parameter :: CLOCK_LOOP=51          !loops or blocks within a routine

Page 3           Source Listing                  
2021-06-01 08:51                                 mpp_parameter.F90

    115   integer, parameter :: CLOCK_INFRA=61         !infrastructure level, e.g halo update
    116   integer, parameter :: MAX_BINS=20
    117   integer(i8_kind), parameter :: MPP_WAIT=-1, MPP_READY=-2
    118 
    119 !--- The following paramters are used by mpp_domains_mod and its components.
    120   integer, parameter :: GLOBAL=0, CYCLIC=1
    121   integer, parameter :: WEST=2, EAST=3, SOUTH=4, NORTH=5, SCALAR_BIT=6, CENTER=7, CORNER=8
    122   integer, parameter :: SOUTH_WEST=7, SOUTH_EAST=8, NORTH_WEST=9, NORTH_EAST=10
    123   integer, parameter :: EDGEONLY = 11
    124   integer, parameter :: NONSYMEDGE = 12
    125   integer, parameter :: SEND=1, RECV=2
    126   integer, parameter :: GLOBAL_DATA_DOMAIN=2**GLOBAL, CYCLIC_GLOBAL_DOMAIN=2**CYCLIC
    127   integer, parameter :: AGRID=0, BGRID=1, CGRID=2, DGRID=3
    128   integer, parameter :: BGRID_NE=BGRID+2**NORTH+2**EAST
    129   integer, parameter :: BGRID_SW=BGRID+2**SOUTH+2**WEST
    130   integer, parameter :: CGRID_NE=CGRID+2**NORTH+2**EAST
    131   integer, parameter :: CGRID_SW=CGRID+2**SOUTH+2**WEST
    132   integer, parameter :: DGRID_NE=DGRID+2**NORTH+2**EAST
    133   integer, parameter :: DGRID_SW=DGRID+2**SOUTH+2**WEST
    134   integer, parameter :: FOLD_WEST_EDGE = 2**WEST, FOLD_EAST_EDGE = 2**EAST
    135   integer, parameter :: FOLD_SOUTH_EDGE=2**SOUTH, FOLD_NORTH_EDGE=2**NORTH
    136   integer, parameter :: WUPDATE=2**WEST, EUPDATE=2**EAST, SUPDATE=2**SOUTH, NUPDATE=2**NORTH
    137   integer, parameter :: XUPDATE=WUPDATE+EUPDATE, YUPDATE=SUPDATE+NUPDATE, SCALAR_PAIR=2**SCALAR_BIT
    138   integer, parameter :: EDGEUPDATE=2**EDGEONLY, NONSYMEDGEUPDATE=2**NONSYMEDGE
    139   integer, parameter :: ZERO=0, NINETY=90, MINUS_NINETY=-90, ONE_HUNDRED_EIGHTY=180
    140   integer, parameter :: NONBLOCK_UPDATE_TAG = 2
    141 
    142 ! DOMAIN_ID_BASE acts as a counter increment for domains as they are defined. It's used in
    143 ! combination with the flag parameter defined above to create a unique identifier for
    144 ! each Domain+flags combination. Therefore, the value of any flag must not exceed DOMAIN_ID_BASE.
    145 ! integer(i8_kind), parameter :: DOMAIN_ID_BASE=INT( 2**(4*i8_kind),KIND=i8_kind )
    146   integer(i8_kind), parameter :: DOMAIN_ID_BASE = int(Z'0000000100000000', kind=i8_kind)
    147   integer, parameter :: NON_BITWISE_EXACT_SUM=0
    148   integer, parameter :: BITWISE_EXACT_SUM=1
    149   integer, parameter :: BITWISE_EFP_SUM=2
    150   integer, parameter :: MPP_DOMAIN_TIME=MPP_DEBUG+1
    151   integer, parameter :: MAX_DOMAIN_FIELDS=100
    152   integer, parameter :: MAX_TILES=10
    153 
    154 !--- The following paramters are used by mpp_io_mod and its components.
    155   integer, parameter :: MPP_WRONLY=100, MPP_RDONLY=101, MPP_APPEND=102, MPP_OVERWR=103 !action on open
    156   integer, parameter :: MPP_ASCII=200,  MPP_IEEE32=201, MPP_NATIVE=202, MPP_NETCDF=203 !format
    157   integer, parameter :: MPP_SEQUENTIAL=300, MPP_DIRECT=301 !access
    158   integer, parameter :: MPP_SINGLE=400, MPP_MULTI=401      !threading, fileset
    159   integer, parameter :: MPP_DELETE=501, MPP_COLLECT=502    !action on close
    160   integer, parameter :: NULLUNIT=-1                        !returned by PEs not participating in
    161 !IO after a collective call with threading
    162 !equal to MPP_SINGLE
    163 !--- unique tag used in FMS
    164   integer, parameter :: COMM_TAG_1  = 1,  COMM_TAG_2  = 2,  COMM_TAG_3  = 3,  COMM_TAG_4  = 4
    165   integer, parameter :: COMM_TAG_5  = 5,  COMM_TAG_6  = 6,  COMM_TAG_7  = 7,  COMM_TAG_8  = 8
    166   integer, parameter :: COMM_TAG_9  = 9,  COMM_TAG_10 = 10, COMM_TAG_11 = 11, COMM_TAG_12 = 12
    167   integer, parameter :: COMM_TAG_13 = 13, COMM_TAG_14 = 14, COMM_TAG_15 = 15, COMM_TAG_16 = 16
    168   integer, parameter :: COMM_TAG_17 = 17, COMM_TAG_18 = 18, COMM_TAG_19 = 19, COMM_TAG_20 = 20
    169 
    170   integer, parameter :: ROOT_GLOBAL = 9
    171   integer, parameter :: GLOBAL_ROOT_ONLY = 2**ROOT_GLOBAL

Page 4           Source Listing                  
2021-06-01 08:51                                 mpp_parameter.F90

    172   real(r8_kind), parameter :: NULLTIME=-1.
    173 # 149
    174 
    175   integer(i8_kind), parameter :: MAX_FILE_SIZE = 2147483647
    176 
    177 
    178 !#####################################################################
    179 
    180 end module mpp_parameter_mod


SYMBOL CROSS REFERENCE

 Name                       Object Declared Type            Bytes Dimen Elements Attributes       References                        
                                                                                                                                    
 AGRID                      Param  127      I(4)            4           scalar                    78                                
 ALL_PES                    Param  93       I(4)            4           scalar                    57                                
 ANY_PE                     Param  93       I(4)            4           scalar                    57                                
 BGRID                      Param  127      I(4)            4           scalar                    128,129                           
 BGRID_NE                   Param  128      I(4)            4           scalar                    73                                
 BGRID_SW                   Param  129      I(4)            4           scalar                    73                                
 BITWISE_EFP_SUM            Param  149      I(4)            4           scalar                    76                                
 BITWISE_EXACT_SUM          Param  148      I(4)            4           scalar                    75                                
 CENTER                     Param  121      I(4)            4           scalar                    78                                
 CGRID                      Param  127      I(4)            4           scalar                    130,131                           
 CGRID_NE                   Param  130      I(4)            4           scalar                    73                                
 CGRID_SW                   Param  131      I(4)            4           scalar                    73                                
 CLOCK_COMPONENT            Param  108      I(4)            4           scalar                    59                                
 CLOCK_INFRA                Param  115      I(4)            4           scalar                    60                                
 CLOCK_LOOP                 Param  114      I(4)            4           scalar                    60                                
 CLOCK_MODULE               Param  112      I(4)            4           scalar                    60                                
 CLOCK_MODULE_DRIVER        Param  110      I(4)            4           scalar                    59                                
 CLOCK_ROUTINE              Param  113      I(4)            4           scalar                    60                                
 CLOCK_SUBCOMPONENT         Param  109      I(4)            4           scalar                    59                                
 COMM_TAG_1                 Param  164      I(4)            4           scalar                    64                                
 COMM_TAG_10                Param  166      I(4)            4           scalar                    66                                
 COMM_TAG_11                Param  166      I(4)            4           scalar                    66                                
 COMM_TAG_12                Param  166      I(4)            4           scalar                    66                                
 COMM_TAG_13                Param  167      I(4)            4           scalar                    67                                
 COMM_TAG_14                Param  167      I(4)            4           scalar                    67                                
 COMM_TAG_15                Param  167      I(4)            4           scalar                    67                                
 COMM_TAG_16                Param  167      I(4)            4           scalar                    67                                
 COMM_TAG_17                Param  168      I(4)            4           scalar                    68                                
 COMM_TAG_18                Param  168      I(4)            4           scalar                    68                                
 COMM_TAG_19                Param  168      I(4)            4           scalar                    68                                
 COMM_TAG_2                 Param  164      I(4)            4           scalar                    64                                
 COMM_TAG_20                Param  168      I(4)            4           scalar                    68                                
 COMM_TAG_3                 Param  164      I(4)            4           scalar                    64                                
 COMM_TAG_4                 Param  164      I(4)            4           scalar                    64                                
 COMM_TAG_5                 Param  165      I(4)            4           scalar                    65                                
 COMM_TAG_6                 Param  165      I(4)            4           scalar                    65                                
 COMM_TAG_7                 Param  165      I(4)            4           scalar                    65                                
 COMM_TAG_8                 Param  165      I(4)            4           scalar                    65                                
 COMM_TAG_9                 Param  166      I(4)            4           scalar                    66                                
 CORNER                     Param  121      I(4)            4           scalar                    78                                
 CYCLIC                     Param  120      I(4)            4           scalar                    78,126                            
 CYCLIC_GLOBAL_DOMAIN       Param  126      I(4)            4           scalar                    73                                

Page 5           Source Listing                  
2021-06-01 08:51 Symbol Table                    mpp_parameter.F90

 Name                       Object Declared Type            Bytes Dimen Elements Attributes       References                        
                                                                                                                                    
 DEFAULT_TAG                Local  100      I(4)            4           scalar                    63,100                            
 DGRID                      Param  127      I(4)            4           scalar                    132,133                           
 DGRID_NE                   Param  132      I(4)            4           scalar                    74                                
 DGRID_SW                   Param  133      I(4)            4           scalar                    74                                
 DOMAIN_ID_BASE             Param  146      I(8)            8           scalar                    78                                
 EAST                       Param  121      I(4)            4           scalar                    76,128,130,132,134,136            
 EDGEONLY                   Param  123      I(4)            4           scalar                    81,138                            
 EDGEUPDATE                 Param  138      I(4)            4           scalar                    81                                
 EUPDATE                    Param  136      I(4)            4           scalar                    75,137                            
 EVENT_ALLREDUCE            Param  96       I(4)            4           scalar                    61                                
 EVENT_ALLTOALL             Param  97       I(4)            4           scalar                    62                                
 EVENT_BROADCAST            Param  96       I(4)            4           scalar                    61                                
 EVENT_RECV                 Param  96       I(4)            4           scalar                    61                                
 EVENT_SEND                 Param  96       I(4)            4           scalar                    61                                
 EVENT_TYPE_CREATE          Param  98       I(4)            4           scalar                    62                                
 EVENT_TYPE_FREE            Param  98       I(4)            4           scalar                    62                                
 EVENT_WAIT                 Param  96       I(4)            4           scalar                    61                                
 FATAL                      Param  94       I(4)            4           scalar                    57                                
 FOLD_EAST_EDGE             Param  134      I(4)            4           scalar                    74                                
 FOLD_NORTH_EDGE            Param  135      I(4)            4           scalar                    74                                
 FOLD_SOUTH_EDGE            Param  135      I(4)            4           scalar                    74                                
 FOLD_WEST_EDGE             Param  134      I(4)            4           scalar                    74                                
 GLOBAL                     Param  120      I(4)            4           scalar                    78,126                            
 GLOBAL_DATA_DOMAIN         Param  126      I(4)            4           scalar                    73                                
 GLOBAL_ROOT_ONLY           Param  171      I(4)            4           scalar                    88                                
 I4_KIND                    Param  103      I(4)            4           scalar   PRIV             103                               
 I8_KIND                    Param  117      I(4)            4           scalar   PRIV             117,146,175                       
 INT                        Func   146                                  scalar                    146                               
 MAXPES                     Param  91       I(4)            4           scalar                    57                                
 MAX_BINS                   Param  116      I(4)            4           scalar                    60                                
 MAX_CLOCKS                 Param  95       I(4)            4           scalar                    58                                
 MAX_DOMAIN_FIELDS          Param  151      I(4)            4           scalar                    79                                
 MAX_EVENTS                 Param  95       I(4)            4           scalar                    58                                
 MAX_EVENT_TYPES            Param  95       I(4)            4           scalar                    58                                
 MAX_FILE_SIZE              Param  175      I(8)            8           scalar                    88                                
 MAX_TILES                  Param  152      I(4)            4           scalar                    79                                
 MINUS_NINETY               Param  139      I(4)            4           scalar                    80                                
 MPP_APPEND                 Param  155      I(4)            4           scalar                    85                                
 MPP_ASCII                  Param  156      I(4)            4           scalar                    85                                
 MPP_CLOCK_DETAILED         Param  99       I(4)            4           scalar                    59                                
 MPP_CLOCK_SYNC             Param  99       I(4)            4           scalar                    58                                
 MPP_COLLECT                Param  159      I(4)            4           scalar                    87                                
 MPP_DEBUG                  Param  92       I(4)            4           scalar                    57,150                            
 MPP_DELETE                 Param  159      I(4)            4           scalar                    87                                
 MPP_DIRECT                 Param  157      I(4)            4           scalar                    86                                
 MPP_DOMAIN_TIME            Param  150      I(4)            4           scalar                    76                                
 MPP_FILL_DOUBLE            Param  104      R(8)            8           scalar                    69                                
 MPP_FILL_FLOAT             Param  105      R(4)            4           scalar                    69                                
 MPP_FILL_INT               Param  103      I(4)            4           scalar                    69                                
 MPP_IEEE32                 Param  156      I(4)            4           scalar                    85                                
 MPP_MULTI                  Param  158      I(4)            4           scalar                    86                                
 MPP_NATIVE                 Param  156      I(4)            4           scalar                    86                                
 MPP_NETCDF                 Param  156      I(4)            4           scalar                    86                                
 MPP_OVERWR                 Param  155      I(4)            4           scalar                    85                                
 MPP_PARAMETER_MOD          Module 20                                                                                               

Page 6           Source Listing                  
2021-06-01 08:51 Symbol Table                    mpp_parameter.F90

 Name                       Object Declared Type            Bytes Dimen Elements Attributes       References                        
                                                                                                                                    
 MPP_RDONLY                 Param  155      I(4)            4           scalar                    85                                
 MPP_READY                  Param  117      I(8)            8           scalar                    58                                
 MPP_SEQUENTIAL             Param  157      I(4)            4           scalar                    86                                
 MPP_SINGLE                 Param  158      I(4)            4           scalar                    86                                
 MPP_VERBOSE                Param  92       I(4)            4           scalar                    57                                
 MPP_WAIT                   Param  117      I(8)            8           scalar                    58                                
 MPP_WRONLY                 Param  155      I(4)            4           scalar                    85                                
 NINETY                     Param  139      I(4)            4           scalar                    80                                
 NONBLOCK_UPDATE_TAG        Param  140      I(4)            4           scalar                    81                                
 NONSYMEDGE                 Param  124      I(4)            4           scalar                    81,138                            
 NONSYMEDGEUPDATE           Param  138      I(4)            4           scalar                    81                                
 NON_BITWISE_EXACT_SUM      Param  147      I(4)            4           scalar                    75                                
 NORTH                      Param  121      I(4)            4           scalar                    76,128,130,132,135,136            
 NORTH_EAST                 Param  122      I(4)            4           scalar                    77                                
 NORTH_WEST                 Param  122      I(4)            4           scalar                    77                                
 NOTE                       Param  94       I(4)            4           scalar                    57                                
 NULLTIME                   Param  172      R(8)            8           scalar                    87                                
 NULLUNIT                   Param  160      I(4)            4           scalar                    87                                
 NULL_PE                    Param  93       I(4)            4           scalar                    57                                
 NUPDATE                    Param  136      I(4)            4           scalar                    75,137                            
 ONE_HUNDRED_EIGHTY         Param  139      I(4)            4           scalar                    80                                
 PLATFORM_MOD               Module 21                                                             21                                
 R4_KIND                    Param  105      I(4)            4           scalar   PRIV             105                               
 R8_KIND                    Param  104      I(4)            4           scalar   PRIV             104,172                           
 RECV                       Param  125      I(4)            4           scalar                                                      
 ROOT_GLOBAL                Param  170      I(4)            4           scalar                    88,171                            
 SCALAR_BIT                 Param  121      I(4)            4           scalar                    76,137                            
 SCALAR_PAIR                Param  137      I(4)            4           scalar                    76                                
 SEND                       Param  125      I(4)            4           scalar                                                      
 SOUTH                      Param  121      I(4)            4           scalar                    76,129,131,133,135,136            
 SOUTH_EAST                 Param  122      I(4)            4           scalar                    77                                
 SOUTH_WEST                 Param  122      I(4)            4           scalar                    77                                
 SUPDATE                    Param  136      I(4)            4           scalar                    75,137                            
 VERSION                    Param  50       CHAR            7           scalar                    53                                
 WARNING                    Param  94       I(4)            4           scalar                    57                                
 WEST                       Param  121      I(4)            4           scalar                    76,129,131,133,134,136            
 WUPDATE                    Param  136      I(4)            4           scalar                    75,137                            
 XUPDATE                    Param  137      I(4)            4           scalar                    75                                
 YUPDATE                    Param  137      I(4)            4           scalar                    75                                
 ZERO                       Param  139      I(4)            4           scalar                    80                                

Page 7           Source Listing                  
2021-06-01 08:51 Subprograms/Common Blocks       mpp_parameter.F90



SUBPROGRAMS/COMMON BLOCKS

 Name                       Object Declared Type            Bytes Dimen Elements Attributes       References                        
                                                                                                                                    
 MPP_PARAMETER_MOD          Module 20                                                                                               

COMPILER OPTIONS BEING USED

       -align noall                          -align nonone
       -align nocommons                      -align nodcommons
       -align noqcommons                     -align nozcommons
       -align records                        -align nosequence
       -align norec1byte                     -align norec2byte
       -align norec4byte                     -align norec8byte
       -align norec16byte                    -align norec32byte
       -align norec64byte                    -align noarray8byte
       -align noarray16byte                  -align noarray32byte
       -align noarray64byte                  -align noarray128byte
       -align noarray256byte                 -altparam
       -assume accuracy_sensitive            -assume nobscc
       -assume nobuffered_io                 -assume nobuffered_stdout
       -assume byterecl                      -assume nocontiguous_assumed_shape
       -assume nocontiguous_pointer          -assume cc_omp
       -assume nocstring                     -assume nodummy_aliases
       -assume nofpe_summary                 -assume noieee_fpe_flags
       -assume nominus0                      -assume noold_boz
       -assume old_complex_align             -assume old_unit_star
       -assume old_inquire_recl              -assume old_ldout_format
       -assume old_ldout_zero                -assume noold_logical_assign
       -assume noold_logical_ldio            -assume old_maxminloc
       -assume old_xor                       -assume noprotect_allocates
       -assume protect_constants             -assume noprotect_parens
       -assume split_common                  -assume source_include
       -assume nostd_intent_in               -assume std_minus0_rounding
       -assume nostd_mod_proc_name           -assume std_value
       -assume realloc_lhs                   -assume underscore
       -assume no2underscores                -assume norecursion
       -auto                            no   -auto_scalar
  no   -bintext                              -ccdefault default
       -check noarg_temp_created             -check noassume
       -check nobounds                       -check nocontiguous
       -check noformat                       -check nooutput_conversion
       -check nooverflow                     -check nopointers
       -check noshape                        -check nostack
       -check nouninitialized                -check noudio_iostat
       -coarray-num-procs 0             no   -coarray-config-file
       -convert native                       -cross_reference
       -D __INTEL_COMPILER=1910              -D __INTEL_COMPILER_UPDATE=0
       -D __unix__                           -D __unix
       -D __linux__                          -D __linux
       -D __gnu_linux__                      -D unix
       -D linux                              -D __ELF__
       -D __x86_64                           -D __x86_64__
       -D __amd64                            -D __amd64__
       -D __INTEL_COMPILER_BUILD_DATE=20191121       -D _OPENMP=201611

Page 8           Source Listing                  
2021-06-01 08:51                                 mpp_parameter.F90

       -D __INTEL_OFFLOAD                    -D __MMX__
       -D __SSE__                            -D __SSE_MATH__
       -D __SSE2__                           -D __SSE2_MATH__
       -D __pentium4                         -D __pentium4__
       -D __tune_pentium4__                  -D PACKAGE_NAME='"GFDL FMS Library"'
       -D PACKAGE_TARNAME='"FMS"'            -D PACKAGE_VERSION='"2021.02.0"'
       -D PACKAGE_STRING='"GFDL FMS Library 2021.02.0"'       -D PACKAGE_BUGREPORT='"gfdl.climate.model.info@noaa.gov"'
       -D PACKAGE_URL='"https://www.gfdl.noaa.gov/fms"'       -D PACKAGE='"FMS"'
       -D VERSION='"2021.02.0"'              -D STDC_HEADERS=1
       -D HAVE_SYS_TYPES_H=1                 -D HAVE_SYS_STAT_H=1
       -D HAVE_STDLIB_H=1                    -D HAVE_STRING_H=1
       -D HAVE_MEMORY_H=1                    -D HAVE_STRINGS_H=1
       -D HAVE_INTTYPES_H=1                  -D HAVE_STDINT_H=1
       -D HAVE_UNISTD_H=1                    -D HAVE_DLFCN_H=1
       -D LT_OBJDIR='".libs/"'               -D HAVE_MPI_H=1
       -D HAVE_NETCDF_H=1                    -D HAVE_SCHED_GETAFFINITY=1
       -D HAVE_MOD_MPI=1                     -D HAVE_MOD_NETCDF=1
       -D HAVE_CRAY_POINTER=1                -D HAVE_QUAD_PRECISION=1
       -D HAVE_INTERNAL_NML=1                -D use_netCDF=1
       -D use_libMPI=1                       -D INTERNAL_FILE_NML
       -double_size 64                  no   -d_lines
  no   -Qdyncom                              -error_limit 30
  no   -f66                             no   -f77rtl
  no   -fast                                 -fpscomp nofilesfromcmd
       -fpscomp nogeneral                    -fpscomp noioformat
       -fpscomp noldio_spacing               -fpscomp nologicals
  no   -fpconstant                           -fpe3
       -fprm nearest                         -ftz
       -fp_model noprecise                   -fp_model fast
       -fp_model nostrict                    -fp_model nosource
       -fp_model nodouble                    -fp_model noextended
       -fp_model novery_fast                 -fp_model noexcept
       -fp_model nono_except                 -fp_modbits nofp_contract
       -fp_modbits nono_fp_contract          -fp_modbits nofenv_access
       -fp_modbits nono_fenv_access          -fp_modbits nocx_limited_range
       -fp_modbits nono_cx_limited_range       -fp_modbits noprec_div
       -fp_modbits nono_prec_div             -fp_modbits noprec_sqrt
       -fp_modbits nono_prec_sqrt            -fp_modbits ftz
       -fp_modbits nono_ftz                  -fp_modbits nointrin_limited_range
       -fp_modbits nono_intrin_limited_range       -fp_modbits notrunc_compares
       -fp_modbits nono_trunc_compares       -fp_modbits noieee_nan_compares
       -fp_modbits nono_ieee_nan_compares       -fp_modbits honor_f32_conversion
       -fp_modbits nono_honor_f32_conversion       -fp_modbits honor_f64_conversion
       -fp_modbits nono_honor_f64_conversion       -fp_modbits nono_x87_copy
       -fp_modbits nono_no_x87_copy          -fp_modbits noexception_semantics
       -fp_modbits nono_exception_semantics       -fp_modbits noprecise_libm_functions
       -fp_modbits nono_precise_libm_functions       -heap_arrays 0
  no   -threadprivate_compat                 -free
       -g2                                   -iface nomixed_str_len_arg
       -iface nono_mixed_str_len_arg         -init noarrays
       -init nohuge                          -init noinfinity
       -init nominus_huge                    -init nominus_infinity
       -init nominus_tiny                    -init nonan
       -init nosnan                          -init notiny
       -init nozero                     no   -intconstant
       -integer_size 32                 no   -mixed_str_len_arg
       -module ../.mods                      -names lowercase

Page 9           Source Listing                  
2021-06-01 08:51                                 mpp_parameter.F90

  no   -noinclude                       no   -o
       -offload-build=host                   -openmp
       -openmp-simd                          -openmp-offload
       -O0                              no   -pad_source
       -real_size 64                    no   -recursive
       -reentrancy threaded                  -vec=simd
       -show nofullpath                      -show noinclude
       -show map                             -show options
  no   -syntax_only                     no   -threadcom
  no   -U                               no   -vms
       -w noall                              -w nonone
       -w noalignments                       -w nodeclarations
       -w noexternals                        -w nogeneral
       -w noignore_bounds                    -w noignore_loc
       -w nointerfaces                       -w noshape
       -w notruncated_source                 -w nouncalled
       -w nouninitialized                    -w nounused
       -w nousage                       no   -wrap-margins

       -includepath : ./,/opt/intel/2020/compilers_and_libraries/linux/mkl/include/,/opt/intel/2020/compilers_and_libraries_2020.0.166/linux/compiler/include/icc/,
           /usr/include/,./,./,../include/,../mpp/include/,./,/opt/netcdf/4.6.1/INTEL/include/,/opt/intel/2020/compilers_and_libraries/linux/mpi/intel64/include/,
           /opt/intel/2020/compilers_and_libraries/linux/mpi/intel64/include/,/opt/intel/2020/compilers_and_libraries/linux/ipp/include/,
           /opt/intel/2020/compilers_and_libraries/linux/mkl/include/,/opt/intel/2020/compilers_and_libraries/linux/pstl/include/,
           /opt/intel/2020/compilers_and_libraries/linux/tbb/include/,/opt/intel/2020/compilers_and_libraries/linux/daal/include/,
           /opt/intel/2020/compilers_and_libraries_2020.0.166/linux/compiler/include/intel64/,/opt/intel/2020/compilers_and_libraries_2020.0.166/linux/compiler/include/icc/,
           /opt/intel/2020/compilers_and_libraries_2020.0.166/linux/compiler/include/,/usr/local/include/,/usr/lib/gcc/x86_64-redhat-linux/4.8.5/include/,
           /usr/include/,/usr/include/,/usr/include/
       -list filename : mpp_parameter.lst
  no   -o

COMPILER: Intel(R) Fortran 19.1-1555
